{
  "functions": [
    {
      "name": "main",
      "args": [
        {
          "name": "input",
          "type": "int"
        }
      ],
      "instrs": [
        {
          "op": "const",
          "dest": "zero",
          "type": "int",
          "value": 0
        },
        {
          "op": "const",
          "dest": "ten",
          "type": "int",
          "value": 10
        },
        {
          "op": "const",
          "dest": "result",
          "type": "int",
          "value": 0
        },
        {
          "label": "begin"
        },
        {
          "op": "call",
          "dest": "digit",
          "type": "int",
          "args": [
            "input"
          ],
          "funcs": [
            "peel_last_digit"
          ],
          "labels": []
        },
        {
          "op": "div",
          "dest": "input",
          "type": "int",
          "args": [
            "input",
            "ten"
          ],
          "funcs": [],
          "labels": []
        },
        {
          "op": "add",
          "dest": "result",
          "type": "int",
          "args": [
            "result",
            "digit"
          ],
          "funcs": [],
          "labels": []
        },
        {
          "label": "check_result"
        },
        {
          "op": "print",
          "args": [
            "result"
          ],
          "funcs": [],
          "labels": []
        },
        {
          "op": "call",
          "dest": "processed",
          "type": "bool",
          "args": [
            "result"
          ],
          "funcs": [
            "is_single_digit"
          ],
          "labels": []
        },
        {
          "op": "br",
          "args": [
            "processed"
          ],
          "funcs": [],
          "labels": [
            "check_done",
            "process_result"
          ]
        },
        {
          "label": "process_result"
        },
        {
          "op": "call",
          "dest": "r0",
          "type": "int",
          "args": [
            "result"
          ],
          "funcs": [
            "peel_last_digit"
          ],
          "labels": []
        },
        {
          "op": "div",
          "dest": "result",
          "type": "int",
          "args": [
            "result",
            "ten"
          ],
          "funcs": [],
          "labels": []
        },
        {
          "op": "add",
          "dest": "result",
          "type": "int",
          "args": [
            "result",
            "r0"
          ],
          "funcs": [],
          "labels": []
        },
        {
          "op": "jmp",
          "args": [],
          "funcs": [],
          "labels": [
            "check_result"
          ]
        },
        {
          "label": "check_done"
        },
        {
          "op": "eq",
          "dest": "done",
          "type": "bool",
          "args": [
            "input",
            "zero"
          ],
          "funcs": [],
          "labels": []
        },
        {
          "op": "br",
          "args": [
            "done"
          ],
          "funcs": [],
          "labels": [
            "done",
            "begin"
          ]
        },
        {
          "label": "done"
        },
        {
          "op": "print",
          "args": [
            "result"
          ],
          "funcs": [],
          "labels": []
        },
        {
          "op": "ret",
          "args": [
            "result"
          ],
          "funcs": [],
          "labels": []
        }
      ]
    },
    {
      "name": "is_single_digit",
      "args": [
        {
          "name": "input",
          "type": "int"
        }
      ],
      "type": "bool",
      "instrs": [
        {
          "op": "const",
          "dest": "ten",
          "type": "int",
          "value": 10
        },
        {
          "op": "const",
          "dest": "zero",
          "type": "int",
          "value": 0
        },
        {
          "op": "div",
          "dest": "divided",
          "type": "int",
          "args": [
            "input",
            "ten"
          ],
          "funcs": [],
          "labels": []
        },
        {
          "op": "mul",
          "dest": "mul_by_ten",
          "type": "int",
          "args": [
            "divided",
            "ten"
          ],
          "funcs": [],
          "labels": []
        },
        {
          "op": "eq",
          "dest": "result",
          "type": "bool",
          "args": [
            "mul_by_ten",
            "zero"
          ],
          "funcs": [],
          "labels": []
        },
        {
          "op": "ret",
          "args": [
            "result"
          ],
          "funcs": [],
          "labels": []
        }
      ]
    },
    {
      "name": "peel_last_digit",
      "args": [
        {
          "name": "input",
          "type": "int"
        }
      ],
      "type": "int",
      "instrs": [
        {
          "op": "const",
          "dest": "ten",
          "type": "int",
          "value": 10
        },
        {
          "op": "div",
          "dest": "div_by_ten",
          "type": "int",
          "args": [
            "input",
            "ten"
          ],
          "funcs": [],
          "labels": []
        },
        {
          "op": "mul",
          "dest": "mul_by_ten",
          "type": "int",
          "args": [
            "div_by_ten",
            "ten"
          ],
          "funcs": [],
          "labels": []
        },
        {
          "op": "sub",
          "dest": "last_digit",
          "type": "int",
          "args": [
            "input",
            "mul_by_ten"
          ],
          "funcs": [],
          "labels": []
        },
        {
          "op": "ret",
          "args": [
            "last_digit"
          ],
          "funcs": [],
          "labels": []
        }
      ]
    }
  ]
}
