{
  "functions": [
    {
      "name": "main",
      "args": [],
      "instrs": [
        {
          "op": "const",
          "dest": "v",
          "type": "int",
          "value": 4
        },
        {
          "op": "jmp",
          "args": [],
          "funcs": [],
          "labels": [
            "else"
          ]
        },
        {
          "label": "else"
        },
        {
          "op": "print",
          "args": [
            "v"
          ],
          "funcs": [],
          "labels": []
        }
      ]
    }
  ]
}
