@main {
  v: int = const 4;
  jmp .else;
.else:
  print v;
}
